// Jest Snapshot v1, https://goo.gl/fbAQLP

exports[`should correctly render App 1`] = `ShallowWrapper {}`;
