// Jest Snapshot v1, https://goo.gl/fbAQLP

exports[`Login should correctly render Login 1`] = `ShallowWrapper {}`;
